Warning: missing input for variable "inputs"
[ERROR][rank 0][<fmpy-source>/native/sundials-7.5.0/src/cvode/cvode.c:3771][cvHandleFailure] tout too close to t0 to start integration.
[ERROR][rank 0][<fmpy-source>/native/sundials-7.5.0/src/cvode/cvode.c:3771][cvHandleFailure] tout too close to t0 to start integration.
[ERROR][rank 0][<fmpy-source>/native/sundials-7.5.0/src/cvode/cvode.c:3771][cvHandleFailure] tout too close to t0 to start integration.
[ERROR][rank 0][<fmpy-source>/native/sundials-7.5.0/src/cvode/cvode.c:3771][cvHandleFailure] tout too close to t0 to start integration.
assert            | warning | The following assertion has been violated during initialization at time 0.000000
|                 | |       | fanspeed >= 0.01
assert            | warning | UTRC-FCU-002: FCU air damper should be opened at least 0.10.
[ERROR][rank 0][<fmpy-source>/native/sundials-7.5.0/src/cvode/cvode.c:3771][cvHandleFailure] tout too close to t0 to start integration.
Warning: missing input for variable "inputs"
Warning: missing input for variable "inputs"
Warning: missing input for variable "inputs"
Warning: missing input for variable "inputs"
Warning: missing input for variable "inputs"
Warning: missing input for variable "inputs"
Warning: missing input for variable "inputs"
Warning: missing input for variable "inputs"
Warning: missing input for variable "inputs"
Warning: missing input for variable "inputs"
leak_detector: leak= 0, level= 0.000000, level_last= 0.000000, valve= 1.000000 cnt= 0
leak_controller: level= 1.000000, maxlevel= 2.000000, valve=0
leak_detector: leak= 0, level= 0.000000, level_last= 0.000000, valve= 1.000000 cnt= 0
leak_controller: level= 1.000000, maxlevel= 2.000000, valve=0
leak_detector: leak= 0, level= 0.000000, level_last= 0.000000, valve= 1.000000 cnt= 0
leak_controller: level= 1.000000, maxlevel= 2.000000, valve=0
{'experiment_id': 'all13_rerun_20260322T144536Z_baseline_b3_graph_aware', 'cases_total': 151, 'succeeded': 147, 'failed': 4, 'output_root': 'runs/raw/all13_rerun_20260322T144536Z_baseline_b3_graph_aware'}
